'R' register area map
;* Main file 'C:\USERS\IGNáC\DOCUMENTS\PLC\WINTER_PLC\07_VYTAH\07_VYTAH.MAK'

R    0   	 = USINT OI1073_KEYB	; 
R    1   :  80   = USINT OI1073_VIDEORAM [80]{0..79}	; 
	R1	  > USINT OI1073_VIDEORAM[0]{0}
	R2	  > USINT OI1073_VIDEORAM[1]{1}
	R3	  > USINT OI1073_VIDEORAM[2]{2}
	R4	  > USINT OI1073_VIDEORAM[3]{3}
	R5	  > USINT OI1073_VIDEORAM[4]{4}
	R6	  > USINT OI1073_VIDEORAM[5]{5}
	R7	  > USINT OI1073_VIDEORAM[6]{6}
	R8	  > USINT OI1073_VIDEORAM[7]{7}
	R9	  > USINT OI1073_VIDEORAM[8]{8}
	R10	  > USINT OI1073_VIDEORAM[9]{9}
	R11	  > USINT OI1073_VIDEORAM[10]{10}
	R12	  > USINT OI1073_VIDEORAM[11]{11}
	R13	  > USINT OI1073_VIDEORAM[12]{12}
	R14	  > USINT OI1073_VIDEORAM[13]{13}
	R15	  > USINT OI1073_VIDEORAM[14]{14}
	R16	  > USINT OI1073_VIDEORAM[15]{15}
	R17	  > USINT OI1073_VIDEORAM[16]{16}
	R18	  > USINT OI1073_VIDEORAM[17]{17}
	R19	  > USINT OI1073_VIDEORAM[18]{18}
	R20	  > USINT OI1073_VIDEORAM[19]{19}
	R21	  > USINT OI1073_VIDEORAM[20]{20}
	R22	  > USINT OI1073_VIDEORAM[21]{21}
	R23	  > USINT OI1073_VIDEORAM[22]{22}
	R24	  > USINT OI1073_VIDEORAM[23]{23}
	R25	  > USINT OI1073_VIDEORAM[24]{24}
	R26	  > USINT OI1073_VIDEORAM[25]{25}
	R27	  > USINT OI1073_VIDEORAM[26]{26}
	R28	  > USINT OI1073_VIDEORAM[27]{27}
	R29	  > USINT OI1073_VIDEORAM[28]{28}
	R30	  > USINT OI1073_VIDEORAM[29]{29}
	R31	  > USINT OI1073_VIDEORAM[30]{30}
	R32	  > USINT OI1073_VIDEORAM[31]{31}
	R33	  > USINT OI1073_VIDEORAM[32]{32}
	R34	  > USINT OI1073_VIDEORAM[33]{33}
	R35	  > USINT OI1073_VIDEORAM[34]{34}
	R36	  > USINT OI1073_VIDEORAM[35]{35}
	R37	  > USINT OI1073_VIDEORAM[36]{36}
	R38	  > USINT OI1073_VIDEORAM[37]{37}
	R39	  > USINT OI1073_VIDEORAM[38]{38}
	R40	  > USINT OI1073_VIDEORAM[39]{39}
	R41	  > USINT OI1073_VIDEORAM[40]{40}
	R42	  > USINT OI1073_VIDEORAM[41]{41}
	R43	  > USINT OI1073_VIDEORAM[42]{42}
	R44	  > USINT OI1073_VIDEORAM[43]{43}
	R45	  > USINT OI1073_VIDEORAM[44]{44}
	R46	  > USINT OI1073_VIDEORAM[45]{45}
	R47	  > USINT OI1073_VIDEORAM[46]{46}
	R48	  > USINT OI1073_VIDEORAM[47]{47}
	R49	  > USINT OI1073_VIDEORAM[48]{48}
	R50	  > USINT OI1073_VIDEORAM[49]{49}
	R51	  > USINT OI1073_VIDEORAM[50]{50}
	R52	  > USINT OI1073_VIDEORAM[51]{51}
	R53	  > USINT OI1073_VIDEORAM[52]{52}
	R54	  > USINT OI1073_VIDEORAM[53]{53}
	R55	  > USINT OI1073_VIDEORAM[54]{54}
	R56	  > USINT OI1073_VIDEORAM[55]{55}
	R57	  > USINT OI1073_VIDEORAM[56]{56}
	R58	  > USINT OI1073_VIDEORAM[57]{57}
	R59	  > USINT OI1073_VIDEORAM[58]{58}
	R60	  > USINT OI1073_VIDEORAM[59]{59}
	R61	  > USINT OI1073_VIDEORAM[60]{60}
	R62	  > USINT OI1073_VIDEORAM[61]{61}
	R63	  > USINT OI1073_VIDEORAM[62]{62}
	R64	  > USINT OI1073_VIDEORAM[63]{63}
	R65	  > USINT OI1073_VIDEORAM[64]{64}
	R66	  > USINT OI1073_VIDEORAM[65]{65}
	R67	  > USINT OI1073_VIDEORAM[66]{66}
	R68	  > USINT OI1073_VIDEORAM[67]{67}
	R69	  > USINT OI1073_VIDEORAM[68]{68}
	R70	  > USINT OI1073_VIDEORAM[69]{69}
	R71	  > USINT OI1073_VIDEORAM[70]{70}
	R72	  > USINT OI1073_VIDEORAM[71]{71}
	R73	  > USINT OI1073_VIDEORAM[72]{72}
	R74	  > USINT OI1073_VIDEORAM[73]{73}
	R75	  > USINT OI1073_VIDEORAM[74]{74}
	R76	  > USINT OI1073_VIDEORAM[75]{75}
	R77	  > USINT OI1073_VIDEORAM[76]{76}
	R78	  > USINT OI1073_VIDEORAM[77]{77}
	R79	  > USINT OI1073_VIDEORAM[78]{78}
	R80	  > USINT OI1073_VIDEORAM[79]{79}
RW  81   :  82   = INT TIMEDELAYED	; 
RW  83   :  84   = INT SWITCHCASE	; 
R   85.0 	 = BOOL FIFTHFLOORELEVDOORSOPEN	; 
R   85.1 	 = BOOL FOURTHFLOORELEVDOORSOPEN	; 
R   85.2 	 = BOOL THIRDFLOORELEVDOORSOPEN	; 
R   85.3 	 = BOOL SECONDFLOORELEVDOORSOPEN	; 
R   85.4 	 = BOOL FIRSTFLOORELEVDOORSOPEN	; 
RW  86   :  87   = INT ELEVATORFLOOR	;  1, 2, 3, 4
R   88.0 	 = BOOL FIFTHFLOORBUTTONPRESSED	; 
R   88.1 	 = BOOL FOURTHFLOORBUTTONPRESSED	; 
R   88.2 	 = BOOL THIRDFLOORBUTTONPRESSED	; 
R   88.3 	 = BOOL SECONDFLOORBUTTONPRESSED	; 
R   88.4 	 = BOOL FIRSTFLOORBUTTONPRESSED	; 
R   88.5 	 = BOOL ELEVATORFIFTHFLOORBUTTONPRESSED	; 
R   88.6 	 = BOOL ELEVATORFOURTHFLOORBUTTONPRESSED	; 
R   88.7 	 = BOOL ELEVATORTHIRDFLOORBUTTONPRESSED	; 
R   89.0 	 = BOOL ELEVATORSECONDFLOORBUTTONPRESSED	; 
R   89.1 	 = BOOL ELEVATORFIRSTFLOORBUTTONPRESSED	; 
R   89.2 	 = BOOL ELEVATORBUTTONSTOPPRESSED	; 
R   89.3 	 = BOOL FORCEOPENCURRENTELEVATORFLOORDOOR	; 
RW  90   :  91   = INT ELEVATORDIRECTION	; 
R   92.0 	 = BOOL ANYOBSTACLEDETECTED	; 
R   92.1 	 = BOOL ANYOBSTACLEWASDETECTED	; 
R   92.2 	 = BOOL OBSTACLEELEVATOR	; 
R   92.3 	 = BOOL OBSTACLEELEVATORFIFTHFLOOR	; 
R   92.4 	 = BOOL OBSTACLEELEVATORFOURTHFLOOR	; 
R   92.5 	 = BOOL OBSTACLEELEVATORTHIRDFLOOR	; 
R   92.6 	 = BOOL OBSTACLEELEVATORSECONDFLOOR	; 
R   92.7 	 = BOOL OBSTACLEELEVATORFIRSTFLOOR	; 
RW  93   :  94   = INT ELEVATORMAXIMUMWEIGHT	; 
RW  95   :  96   = INT ELEVATORWEIGHT	; 
RW  97   :  98   = INT ELEVATORFLOORTRAVELTIME	; 
RW  99   : 100   = INT ELEVATORFLOORDOORSOPENTIME	; 
RW 101   : 102   = INT HIGHESTFLOOR	; 
RW 103   : 104   = INT TARGETFLOORDEFAULTVALUE	; 
R  105.0 	 = BOOL ANYFLOORBUTTONPRESSED	; 
R  105.1 	 = BOOL ANYFIFTHFLOORBUTTONPRESSED	; 
R  105.2 	 = BOOL ANYFOURTHFLOORBUTTONPRESSED	; 
R  105.3 	 = BOOL ANYTHIRDFLOORBUTTONPRESSED	; 
R  105.4 	 = BOOL ANYSECONDFLOORBUTTONPRESSED	; 
R  105.5 	 = BOOL ANYFIRSTFLOORBUTTONPRESSED	; 
RW 106   : 107   = INT TARGETFLOOR	; 
RW 108   : 109   = INT FLOORDIFFERENCE	; 
R  110   : 190   = STRING TEXTELEVATORWEIGHT [81]{0..80}	; 
	R110	  > STRING TEXTELEVATORWEIGHT[0]{0}
	R111	  > STRING TEXTELEVATORWEIGHT[1]{1}
	R112	  > STRING TEXTELEVATORWEIGHT[2]{2}
	R113	  > STRING TEXTELEVATORWEIGHT[3]{3}
	R114	  > STRING TEXTELEVATORWEIGHT[4]{4}
	R115	  > STRING TEXTELEVATORWEIGHT[5]{5}
	R116	  > STRING TEXTELEVATORWEIGHT[6]{6}
	R117	  > STRING TEXTELEVATORWEIGHT[7]{7}
	R118	  > STRING TEXTELEVATORWEIGHT[8]{8}
	R119	  > STRING TEXTELEVATORWEIGHT[9]{9}
	R120	  > STRING TEXTELEVATORWEIGHT[10]{10}
	R121	  > STRING TEXTELEVATORWEIGHT[11]{11}
	R122	  > STRING TEXTELEVATORWEIGHT[12]{12}
	R123	  > STRING TEXTELEVATORWEIGHT[13]{13}
	R124	  > STRING TEXTELEVATORWEIGHT[14]{14}
	R125	  > STRING TEXTELEVATORWEIGHT[15]{15}
	R126	  > STRING TEXTELEVATORWEIGHT[16]{16}
	R127	  > STRING TEXTELEVATORWEIGHT[17]{17}
	R128	  > STRING TEXTELEVATORWEIGHT[18]{18}
	R129	  > STRING TEXTELEVATORWEIGHT[19]{19}
	R130	  > STRING TEXTELEVATORWEIGHT[20]{20}
	R131	  > STRING TEXTELEVATORWEIGHT[21]{21}
	R132	  > STRING TEXTELEVATORWEIGHT[22]{22}
	R133	  > STRING TEXTELEVATORWEIGHT[23]{23}
	R134	  > STRING TEXTELEVATORWEIGHT[24]{24}
	R135	  > STRING TEXTELEVATORWEIGHT[25]{25}
	R136	  > STRING TEXTELEVATORWEIGHT[26]{26}
	R137	  > STRING TEXTELEVATORWEIGHT[27]{27}
	R138	  > STRING TEXTELEVATORWEIGHT[28]{28}
	R139	  > STRING TEXTELEVATORWEIGHT[29]{29}
	R140	  > STRING TEXTELEVATORWEIGHT[30]{30}
	R141	  > STRING TEXTELEVATORWEIGHT[31]{31}
	R142	  > STRING TEXTELEVATORWEIGHT[32]{32}
	R143	  > STRING TEXTELEVATORWEIGHT[33]{33}
	R144	  > STRING TEXTELEVATORWEIGHT[34]{34}
	R145	  > STRING TEXTELEVATORWEIGHT[35]{35}
	R146	  > STRING TEXTELEVATORWEIGHT[36]{36}
	R147	  > STRING TEXTELEVATORWEIGHT[37]{37}
	R148	  > STRING TEXTELEVATORWEIGHT[38]{38}
	R149	  > STRING TEXTELEVATORWEIGHT[39]{39}
	R150	  > STRING TEXTELEVATORWEIGHT[40]{40}
	R151	  > STRING TEXTELEVATORWEIGHT[41]{41}
	R152	  > STRING TEXTELEVATORWEIGHT[42]{42}
	R153	  > STRING TEXTELEVATORWEIGHT[43]{43}
	R154	  > STRING TEXTELEVATORWEIGHT[44]{44}
	R155	  > STRING TEXTELEVATORWEIGHT[45]{45}
	R156	  > STRING TEXTELEVATORWEIGHT[46]{46}
	R157	  > STRING TEXTELEVATORWEIGHT[47]{47}
	R158	  > STRING TEXTELEVATORWEIGHT[48]{48}
	R159	  > STRING TEXTELEVATORWEIGHT[49]{49}
	R160	  > STRING TEXTELEVATORWEIGHT[50]{50}
	R161	  > STRING TEXTELEVATORWEIGHT[51]{51}
	R162	  > STRING TEXTELEVATORWEIGHT[52]{52}
	R163	  > STRING TEXTELEVATORWEIGHT[53]{53}
	R164	  > STRING TEXTELEVATORWEIGHT[54]{54}
	R165	  > STRING TEXTELEVATORWEIGHT[55]{55}
	R166	  > STRING TEXTELEVATORWEIGHT[56]{56}
	R167	  > STRING TEXTELEVATORWEIGHT[57]{57}
	R168	  > STRING TEXTELEVATORWEIGHT[58]{58}
	R169	  > STRING TEXTELEVATORWEIGHT[59]{59}
	R170	  > STRING TEXTELEVATORWEIGHT[60]{60}
	R171	  > STRING TEXTELEVATORWEIGHT[61]{61}
	R172	  > STRING TEXTELEVATORWEIGHT[62]{62}
	R173	  > STRING TEXTELEVATORWEIGHT[63]{63}
	R174	  > STRING TEXTELEVATORWEIGHT[64]{64}
	R175	  > STRING TEXTELEVATORWEIGHT[65]{65}
	R176	  > STRING TEXTELEVATORWEIGHT[66]{66}
	R177	  > STRING TEXTELEVATORWEIGHT[67]{67}
	R178	  > STRING TEXTELEVATORWEIGHT[68]{68}
	R179	  > STRING TEXTELEVATORWEIGHT[69]{69}
	R180	  > STRING TEXTELEVATORWEIGHT[70]{70}
	R181	  > STRING TEXTELEVATORWEIGHT[71]{71}
	R182	  > STRING TEXTELEVATORWEIGHT[72]{72}
	R183	  > STRING TEXTELEVATORWEIGHT[73]{73}
	R184	  > STRING TEXTELEVATORWEIGHT[74]{74}
	R185	  > STRING TEXTELEVATORWEIGHT[75]{75}
	R186	  > STRING TEXTELEVATORWEIGHT[76]{76}
	R187	  > STRING TEXTELEVATORWEIGHT[77]{77}
	R188	  > STRING TEXTELEVATORWEIGHT[78]{78}
	R189	  > STRING TEXTELEVATORWEIGHT[79]{79}
	R190	  > STRING TEXTELEVATORWEIGHT[80]{80}
R  191   : 271   = STRING TEXTMAXELEVATORWEIGHT [81]{0..80}	; 
	R191	  > STRING TEXTMAXELEVATORWEIGHT[0]{0}
	R192	  > STRING TEXTMAXELEVATORWEIGHT[1]{1}
	R193	  > STRING TEXTMAXELEVATORWEIGHT[2]{2}
	R194	  > STRING TEXTMAXELEVATORWEIGHT[3]{3}
	R195	  > STRING TEXTMAXELEVATORWEIGHT[4]{4}
	R196	  > STRING TEXTMAXELEVATORWEIGHT[5]{5}
	R197	  > STRING TEXTMAXELEVATORWEIGHT[6]{6}
	R198	  > STRING TEXTMAXELEVATORWEIGHT[7]{7}
	R199	  > STRING TEXTMAXELEVATORWEIGHT[8]{8}
	R200	  > STRING TEXTMAXELEVATORWEIGHT[9]{9}
	R201	  > STRING TEXTMAXELEVATORWEIGHT[10]{10}
	R202	  > STRING TEXTMAXELEVATORWEIGHT[11]{11}
	R203	  > STRING TEXTMAXELEVATORWEIGHT[12]{12}
	R204	  > STRING TEXTMAXELEVATORWEIGHT[13]{13}
	R205	  > STRING TEXTMAXELEVATORWEIGHT[14]{14}
	R206	  > STRING TEXTMAXELEVATORWEIGHT[15]{15}
	R207	  > STRING TEXTMAXELEVATORWEIGHT[16]{16}
	R208	  > STRING TEXTMAXELEVATORWEIGHT[17]{17}
	R209	  > STRING TEXTMAXELEVATORWEIGHT[18]{18}
	R210	  > STRING TEXTMAXELEVATORWEIGHT[19]{19}
	R211	  > STRING TEXTMAXELEVATORWEIGHT[20]{20}
	R212	  > STRING TEXTMAXELEVATORWEIGHT[21]{21}
	R213	  > STRING TEXTMAXELEVATORWEIGHT[22]{22}
	R214	  > STRING TEXTMAXELEVATORWEIGHT[23]{23}
	R215	  > STRING TEXTMAXELEVATORWEIGHT[24]{24}
	R216	  > STRING TEXTMAXELEVATORWEIGHT[25]{25}
	R217	  > STRING TEXTMAXELEVATORWEIGHT[26]{26}
	R218	  > STRING TEXTMAXELEVATORWEIGHT[27]{27}
	R219	  > STRING TEXTMAXELEVATORWEIGHT[28]{28}
	R220	  > STRING TEXTMAXELEVATORWEIGHT[29]{29}
	R221	  > STRING TEXTMAXELEVATORWEIGHT[30]{30}
	R222	  > STRING TEXTMAXELEVATORWEIGHT[31]{31}
	R223	  > STRING TEXTMAXELEVATORWEIGHT[32]{32}
	R224	  > STRING TEXTMAXELEVATORWEIGHT[33]{33}
	R225	  > STRING TEXTMAXELEVATORWEIGHT[34]{34}
	R226	  > STRING TEXTMAXELEVATORWEIGHT[35]{35}
	R227	  > STRING TEXTMAXELEVATORWEIGHT[36]{36}
	R228	  > STRING TEXTMAXELEVATORWEIGHT[37]{37}
	R229	  > STRING TEXTMAXELEVATORWEIGHT[38]{38}
	R230	  > STRING TEXTMAXELEVATORWEIGHT[39]{39}
	R231	  > STRING TEXTMAXELEVATORWEIGHT[40]{40}
	R232	  > STRING TEXTMAXELEVATORWEIGHT[41]{41}
	R233	  > STRING TEXTMAXELEVATORWEIGHT[42]{42}
	R234	  > STRING TEXTMAXELEVATORWEIGHT[43]{43}
	R235	  > STRING TEXTMAXELEVATORWEIGHT[44]{44}
	R236	  > STRING TEXTMAXELEVATORWEIGHT[45]{45}
	R237	  > STRING TEXTMAXELEVATORWEIGHT[46]{46}
	R238	  > STRING TEXTMAXELEVATORWEIGHT[47]{47}
	R239	  > STRING TEXTMAXELEVATORWEIGHT[48]{48}
	R240	  > STRING TEXTMAXELEVATORWEIGHT[49]{49}
	R241	  > STRING TEXTMAXELEVATORWEIGHT[50]{50}
	R242	  > STRING TEXTMAXELEVATORWEIGHT[51]{51}
	R243	  > STRING TEXTMAXELEVATORWEIGHT[52]{52}
	R244	  > STRING TEXTMAXELEVATORWEIGHT[53]{53}
	R245	  > STRING TEXTMAXELEVATORWEIGHT[54]{54}
	R246	  > STRING TEXTMAXELEVATORWEIGHT[55]{55}
	R247	  > STRING TEXTMAXELEVATORWEIGHT[56]{56}
	R248	  > STRING TEXTMAXELEVATORWEIGHT[57]{57}
	R249	  > STRING TEXTMAXELEVATORWEIGHT[58]{58}
	R250	  > STRING TEXTMAXELEVATORWEIGHT[59]{59}
	R251	  > STRING TEXTMAXELEVATORWEIGHT[60]{60}
	R252	  > STRING TEXTMAXELEVATORWEIGHT[61]{61}
	R253	  > STRING TEXTMAXELEVATORWEIGHT[62]{62}
	R254	  > STRING TEXTMAXELEVATORWEIGHT[63]{63}
	R255	  > STRING TEXTMAXELEVATORWEIGHT[64]{64}
	R256	  > STRING TEXTMAXELEVATORWEIGHT[65]{65}
	R257	  > STRING TEXTMAXELEVATORWEIGHT[66]{66}
	R258	  > STRING TEXTMAXELEVATORWEIGHT[67]{67}
	R259	  > STRING TEXTMAXELEVATORWEIGHT[68]{68}
	R260	  > STRING TEXTMAXELEVATORWEIGHT[69]{69}
	R261	  > STRING TEXTMAXELEVATORWEIGHT[70]{70}
	R262	  > STRING TEXTMAXELEVATORWEIGHT[71]{71}
	R263	  > STRING TEXTMAXELEVATORWEIGHT[72]{72}
	R264	  > STRING TEXTMAXELEVATORWEIGHT[73]{73}
	R265	  > STRING TEXTMAXELEVATORWEIGHT[74]{74}
	R266	  > STRING TEXTMAXELEVATORWEIGHT[75]{75}
	R267	  > STRING TEXTMAXELEVATORWEIGHT[76]{76}
	R268	  > STRING TEXTMAXELEVATORWEIGHT[77]{77}
	R269	  > STRING TEXTMAXELEVATORWEIGHT[78]{78}
	R270	  > STRING TEXTMAXELEVATORWEIGHT[79]{79}
	R271	  > STRING TEXTMAXELEVATORWEIGHT[80]{80}
R  272.0 	 = BOOL STOPSIGNACTIVATED	; 
R  272.1 	 = BOOL CONFIGURED	; 
R  273   : 353   = STRING STRINGQUEUEREPRESENTATION [81]{0..80}	; 
	R273	  > STRING STRINGQUEUEREPRESENTATION[0]{0}
	R274	  > STRING STRINGQUEUEREPRESENTATION[1]{1}
	R275	  > STRING STRINGQUEUEREPRESENTATION[2]{2}
	R276	  > STRING STRINGQUEUEREPRESENTATION[3]{3}
	R277	  > STRING STRINGQUEUEREPRESENTATION[4]{4}
	R278	  > STRING STRINGQUEUEREPRESENTATION[5]{5}
	R279	  > STRING STRINGQUEUEREPRESENTATION[6]{6}
	R280	  > STRING STRINGQUEUEREPRESENTATION[7]{7}
	R281	  > STRING STRINGQUEUEREPRESENTATION[8]{8}
	R282	  > STRING STRINGQUEUEREPRESENTATION[9]{9}
	R283	  > STRING STRINGQUEUEREPRESENTATION[10]{10}
	R284	  > STRING STRINGQUEUEREPRESENTATION[11]{11}
	R285	  > STRING STRINGQUEUEREPRESENTATION[12]{12}
	R286	  > STRING STRINGQUEUEREPRESENTATION[13]{13}
	R287	  > STRING STRINGQUEUEREPRESENTATION[14]{14}
	R288	  > STRING STRINGQUEUEREPRESENTATION[15]{15}
	R289	  > STRING STRINGQUEUEREPRESENTATION[16]{16}
	R290	  > STRING STRINGQUEUEREPRESENTATION[17]{17}
	R291	  > STRING STRINGQUEUEREPRESENTATION[18]{18}
	R292	  > STRING STRINGQUEUEREPRESENTATION[19]{19}
	R293	  > STRING STRINGQUEUEREPRESENTATION[20]{20}
	R294	  > STRING STRINGQUEUEREPRESENTATION[21]{21}
	R295	  > STRING STRINGQUEUEREPRESENTATION[22]{22}
	R296	  > STRING STRINGQUEUEREPRESENTATION[23]{23}
	R297	  > STRING STRINGQUEUEREPRESENTATION[24]{24}
	R298	  > STRING STRINGQUEUEREPRESENTATION[25]{25}
	R299	  > STRING STRINGQUEUEREPRESENTATION[26]{26}
	R300	  > STRING STRINGQUEUEREPRESENTATION[27]{27}
	R301	  > STRING STRINGQUEUEREPRESENTATION[28]{28}
	R302	  > STRING STRINGQUEUEREPRESENTATION[29]{29}
	R303	  > STRING STRINGQUEUEREPRESENTATION[30]{30}
	R304	  > STRING STRINGQUEUEREPRESENTATION[31]{31}
	R305	  > STRING STRINGQUEUEREPRESENTATION[32]{32}
	R306	  > STRING STRINGQUEUEREPRESENTATION[33]{33}
	R307	  > STRING STRINGQUEUEREPRESENTATION[34]{34}
	R308	  > STRING STRINGQUEUEREPRESENTATION[35]{35}
	R309	  > STRING STRINGQUEUEREPRESENTATION[36]{36}
	R310	  > STRING STRINGQUEUEREPRESENTATION[37]{37}
	R311	  > STRING STRINGQUEUEREPRESENTATION[38]{38}
	R312	  > STRING STRINGQUEUEREPRESENTATION[39]{39}
	R313	  > STRING STRINGQUEUEREPRESENTATION[40]{40}
	R314	  > STRING STRINGQUEUEREPRESENTATION[41]{41}
	R315	  > STRING STRINGQUEUEREPRESENTATION[42]{42}
	R316	  > STRING STRINGQUEUEREPRESENTATION[43]{43}
	R317	  > STRING STRINGQUEUEREPRESENTATION[44]{44}
	R318	  > STRING STRINGQUEUEREPRESENTATION[45]{45}
	R319	  > STRING STRINGQUEUEREPRESENTATION[46]{46}
	R320	  > STRING STRINGQUEUEREPRESENTATION[47]{47}
	R321	  > STRING STRINGQUEUEREPRESENTATION[48]{48}
	R322	  > STRING STRINGQUEUEREPRESENTATION[49]{49}
	R323	  > STRING STRINGQUEUEREPRESENTATION[50]{50}
	R324	  > STRING STRINGQUEUEREPRESENTATION[51]{51}
	R325	  > STRING STRINGQUEUEREPRESENTATION[52]{52}
	R326	  > STRING STRINGQUEUEREPRESENTATION[53]{53}
	R327	  > STRING STRINGQUEUEREPRESENTATION[54]{54}
	R328	  > STRING STRINGQUEUEREPRESENTATION[55]{55}
	R329	  > STRING STRINGQUEUEREPRESENTATION[56]{56}
	R330	  > STRING STRINGQUEUEREPRESENTATION[57]{57}
	R331	  > STRING STRINGQUEUEREPRESENTATION[58]{58}
	R332	  > STRING STRINGQUEUEREPRESENTATION[59]{59}
	R333	  > STRING STRINGQUEUEREPRESENTATION[60]{60}
	R334	  > STRING STRINGQUEUEREPRESENTATION[61]{61}
	R335	  > STRING STRINGQUEUEREPRESENTATION[62]{62}
	R336	  > STRING STRINGQUEUEREPRESENTATION[63]{63}
	R337	  > STRING STRINGQUEUEREPRESENTATION[64]{64}
	R338	  > STRING STRINGQUEUEREPRESENTATION[65]{65}
	R339	  > STRING STRINGQUEUEREPRESENTATION[66]{66}
	R340	  > STRING STRINGQUEUEREPRESENTATION[67]{67}
	R341	  > STRING STRINGQUEUEREPRESENTATION[68]{68}
	R342	  > STRING STRINGQUEUEREPRESENTATION[69]{69}
	R343	  > STRING STRINGQUEUEREPRESENTATION[70]{70}
	R344	  > STRING STRINGQUEUEREPRESENTATION[71]{71}
	R345	  > STRING STRINGQUEUEREPRESENTATION[72]{72}
	R346	  > STRING STRINGQUEUEREPRESENTATION[73]{73}
	R347	  > STRING STRINGQUEUEREPRESENTATION[74]{74}
	R348	  > STRING STRINGQUEUEREPRESENTATION[75]{75}
	R349	  > STRING STRINGQUEUEREPRESENTATION[76]{76}
	R350	  > STRING STRINGQUEUEREPRESENTATION[77]{77}
	R351	  > STRING STRINGQUEUEREPRESENTATION[78]{78}
	R352	  > STRING STRINGQUEUEREPRESENTATION[79]{79}
	R353	  > STRING STRINGQUEUEREPRESENTATION[80]{80}
RW 354   : 373   = INT QUEUE [10]{0..9}	;  number of floors * 2
	RW354	  > INT QUEUE[0]{0}
	RW356	  > INT QUEUE[1]{1}
	RW358	  > INT QUEUE[2]{2}
	RW360	  > INT QUEUE[3]{3}
	RW362	  > INT QUEUE[4]{4}
	RW364	  > INT QUEUE[5]{5}
	RW366	  > INT QUEUE[6]{6}
	RW368	  > INT QUEUE[7]{7}
	RW370	  > INT QUEUE[8]{8}
	RW372	  > INT QUEUE[9]{9}
RW 374   : 375   = INT QUEUEDEFAULTVALUE	; 
RW 376   : 377   = INT QUEUESIZE	; 
R  378   : 380   =VISUALIZEQUEUE __INSTANCE__VISUALIZEQUEUE	; 
	R378.0	  > BOOL  __INSTANCE__VISUALIZEQUEUE~__FC__VISUALIZEQUEUE
	RW379	  > INT  __INSTANCE__VISUALIZEQUEUE~INDEX
R  381   : 385   =ENQUEUEFLOOR __INSTANCE__ENQUEUEFLOOR	; 
	R381.0	  > BOOL  __INSTANCE__ENQUEUEFLOOR~__FC__ENQUEUEFLOOR
	RW382	  > INT  __INSTANCE__ENQUEUEFLOOR~FLOORTOENQUEUE
	RW384	  > INT  __INSTANCE__ENQUEUEFLOOR~INDEX
R  386   : 392   =SHIFTQUEUELEFT __INSTANCE__SHIFTQUEUELEFT	; 
	R386.0	  > BOOL  __INSTANCE__SHIFTQUEUELEFT~__FC__SHIFTQUEUELEFT
	RW387	  > INT  __INSTANCE__SHIFTQUEUELEFT~INDEX
	RW389	  > INT  __INSTANCE__SHIFTQUEUELEFT~NEXTINDEX
	RW391	  > INT  __INSTANCE__SHIFTQUEUELEFT~TEMP
R  393   : 396   =DEQUEUEFLOOR __INSTANCE__DEQUEUEFLOOR	; 
	RW393	  > INT  __INSTANCE__DEQUEUEFLOOR~__FC__DEQUEUEFLOOR
	RW395	  > INT  __INSTANCE__DEQUEUEFLOOR~DEQUEUEDFLOOR
R  397   	 =HANDLEDOORS __INSTANCE__HANDLEDOORS	; 
	R397.0	  > BOOL  __INSTANCE__HANDLEDOORS~__FC__HANDLEDOORS
R  398   	 =RESETALLBUTTONS __INSTANCE__RESETALLBUTTONS	; 
	R398.0	  > BOOL  __INSTANCE__RESETALLBUTTONS~__FC__RESETALLBUTTONS
R  399   	 =HANDLEFLOORSELECTION __INSTANCE__HANDLEFLOORSELECTION	; 
	R399.0	  > BOOL  __INSTANCE__HANDLEFLOORSELECTION~__FC__HANDLEFLOORSELECTION
R  400   	 =HANDLEBUTTONS __INSTANCE__HANDLEBUTTONS	; 
	R400.0	  > BOOL  __INSTANCE__HANDLEBUTTONS~__FC__HANDLEBUTTONS
R  401   	 =HANDLEMOVEMENT __INSTANCE__HANDLEMOVEMENT	; 
	R401.0	  > BOOL  __INSTANCE__HANDLEMOVEMENT~__FC__HANDLEMOVEMENT
R  402   	 =HANDLEOBSTACLES __INSTANCE__HANDLEOBSTACLES	; 
	R402.0	  > BOOL  __INSTANCE__HANDLEOBSTACLES~__FC__HANDLEOBSTACLES
R  403   : 404   =PRGMAIN MAIN	; 
	RW403	  > INT  MAIN~INDEX

No errors.


;* Map completed.
