'R' register area map
;* Main file 'C:\USERS\IGNáC\DOCUMENTS\PLC\WINTER_PLC\07_VYTAH\07_VYTAH.MAK'

R    0   	 = USINT OI1073_KEYB	; 
R    1   :  80   = USINT OI1073_VIDEORAM [80]{0..79}	; 
	R1	  > USINT OI1073_VIDEORAM[0]{0}
	R2	  > USINT OI1073_VIDEORAM[1]{1}
	R3	  > USINT OI1073_VIDEORAM[2]{2}
	R4	  > USINT OI1073_VIDEORAM[3]{3}
	R5	  > USINT OI1073_VIDEORAM[4]{4}
	R6	  > USINT OI1073_VIDEORAM[5]{5}
	R7	  > USINT OI1073_VIDEORAM[6]{6}
	R8	  > USINT OI1073_VIDEORAM[7]{7}
	R9	  > USINT OI1073_VIDEORAM[8]{8}
	R10	  > USINT OI1073_VIDEORAM[9]{9}
	R11	  > USINT OI1073_VIDEORAM[10]{10}
	R12	  > USINT OI1073_VIDEORAM[11]{11}
	R13	  > USINT OI1073_VIDEORAM[12]{12}
	R14	  > USINT OI1073_VIDEORAM[13]{13}
	R15	  > USINT OI1073_VIDEORAM[14]{14}
	R16	  > USINT OI1073_VIDEORAM[15]{15}
	R17	  > USINT OI1073_VIDEORAM[16]{16}
	R18	  > USINT OI1073_VIDEORAM[17]{17}
	R19	  > USINT OI1073_VIDEORAM[18]{18}
	R20	  > USINT OI1073_VIDEORAM[19]{19}
	R21	  > USINT OI1073_VIDEORAM[20]{20}
	R22	  > USINT OI1073_VIDEORAM[21]{21}
	R23	  > USINT OI1073_VIDEORAM[22]{22}
	R24	  > USINT OI1073_VIDEORAM[23]{23}
	R25	  > USINT OI1073_VIDEORAM[24]{24}
	R26	  > USINT OI1073_VIDEORAM[25]{25}
	R27	  > USINT OI1073_VIDEORAM[26]{26}
	R28	  > USINT OI1073_VIDEORAM[27]{27}
	R29	  > USINT OI1073_VIDEORAM[28]{28}
	R30	  > USINT OI1073_VIDEORAM[29]{29}
	R31	  > USINT OI1073_VIDEORAM[30]{30}
	R32	  > USINT OI1073_VIDEORAM[31]{31}
	R33	  > USINT OI1073_VIDEORAM[32]{32}
	R34	  > USINT OI1073_VIDEORAM[33]{33}
	R35	  > USINT OI1073_VIDEORAM[34]{34}
	R36	  > USINT OI1073_VIDEORAM[35]{35}
	R37	  > USINT OI1073_VIDEORAM[36]{36}
	R38	  > USINT OI1073_VIDEORAM[37]{37}
	R39	  > USINT OI1073_VIDEORAM[38]{38}
	R40	  > USINT OI1073_VIDEORAM[39]{39}
	R41	  > USINT OI1073_VIDEORAM[40]{40}
	R42	  > USINT OI1073_VIDEORAM[41]{41}
	R43	  > USINT OI1073_VIDEORAM[42]{42}
	R44	  > USINT OI1073_VIDEORAM[43]{43}
	R45	  > USINT OI1073_VIDEORAM[44]{44}
	R46	  > USINT OI1073_VIDEORAM[45]{45}
	R47	  > USINT OI1073_VIDEORAM[46]{46}
	R48	  > USINT OI1073_VIDEORAM[47]{47}
	R49	  > USINT OI1073_VIDEORAM[48]{48}
	R50	  > USINT OI1073_VIDEORAM[49]{49}
	R51	  > USINT OI1073_VIDEORAM[50]{50}
	R52	  > USINT OI1073_VIDEORAM[51]{51}
	R53	  > USINT OI1073_VIDEORAM[52]{52}
	R54	  > USINT OI1073_VIDEORAM[53]{53}
	R55	  > USINT OI1073_VIDEORAM[54]{54}
	R56	  > USINT OI1073_VIDEORAM[55]{55}
	R57	  > USINT OI1073_VIDEORAM[56]{56}
	R58	  > USINT OI1073_VIDEORAM[57]{57}
	R59	  > USINT OI1073_VIDEORAM[58]{58}
	R60	  > USINT OI1073_VIDEORAM[59]{59}
	R61	  > USINT OI1073_VIDEORAM[60]{60}
	R62	  > USINT OI1073_VIDEORAM[61]{61}
	R63	  > USINT OI1073_VIDEORAM[62]{62}
	R64	  > USINT OI1073_VIDEORAM[63]{63}
	R65	  > USINT OI1073_VIDEORAM[64]{64}
	R66	  > USINT OI1073_VIDEORAM[65]{65}
	R67	  > USINT OI1073_VIDEORAM[66]{66}
	R68	  > USINT OI1073_VIDEORAM[67]{67}
	R69	  > USINT OI1073_VIDEORAM[68]{68}
	R70	  > USINT OI1073_VIDEORAM[69]{69}
	R71	  > USINT OI1073_VIDEORAM[70]{70}
	R72	  > USINT OI1073_VIDEORAM[71]{71}
	R73	  > USINT OI1073_VIDEORAM[72]{72}
	R74	  > USINT OI1073_VIDEORAM[73]{73}
	R75	  > USINT OI1073_VIDEORAM[74]{74}
	R76	  > USINT OI1073_VIDEORAM[75]{75}
	R77	  > USINT OI1073_VIDEORAM[76]{76}
	R78	  > USINT OI1073_VIDEORAM[77]{77}
	R79	  > USINT OI1073_VIDEORAM[78]{78}
	R80	  > USINT OI1073_VIDEORAM[79]{79}
RW  81   :  82   = INT TIMEDELAYED	; 
RW  83   :  84   = INT SWITCHCASE	; 
R   85.0 :  85.4 = BOOL ELEVATORDOORSOPENED [8]{0..4}	; 
	R85.0	  > BOOL ELEVATORDOORSOPENED[0]{0}
	R85.1	  > BOOL ELEVATORDOORSOPENED[1]{1}
	R85.2	  > BOOL ELEVATORDOORSOPENED[2]{2}
	R85.3	  > BOOL ELEVATORDOORSOPENED[3]{3}
	R85.4	  > BOOL ELEVATORDOORSOPENED[4]{4}
	R85.5	  > BOOL ELEVATORDOORSOPENED[5]{@}
	R85.6	  > BOOL ELEVATORDOORSOPENED[6]{@}
	R85.7	  > BOOL ELEVATORDOORSOPENED[7]{@}
RW  86   :  87   = INT ELEVATORFLOOR	;  1, 2, 3, 4
R   88.0 :  88.4 = BOOL ELEVATORBUTTONSPRESSED [8]{0..4}	; 
	R88.0	  > BOOL ELEVATORBUTTONSPRESSED[0]{0}
	R88.1	  > BOOL ELEVATORBUTTONSPRESSED[1]{1}
	R88.2	  > BOOL ELEVATORBUTTONSPRESSED[2]{2}
	R88.3	  > BOOL ELEVATORBUTTONSPRESSED[3]{3}
	R88.4	  > BOOL ELEVATORBUTTONSPRESSED[4]{4}
	R88.5	  > BOOL ELEVATORBUTTONSPRESSED[5]{@}
	R88.6	  > BOOL ELEVATORBUTTONSPRESSED[6]{@}
	R88.7	  > BOOL ELEVATORBUTTONSPRESSED[7]{@}
R   89.0 	 = BOOL ELEVATORBUTTONSTOPPRESSED	; 
R   89.1 	 = BOOL FORCEOPENCURRENTELEVATORFLOORDOOR	; 
RW  90   :  91   = INT ELEVATORDIRECTION	; 
R   92.0 	 = BOOL ANYOBSTACLEDETECTED	; 
R   92.1 	 = BOOL ANYOBSTACLEWASDETECTED	; 
R   92.2 	 = BOOL OBSTACLEELEVATOR	; 
R   93.0 :  93.4 = BOOL OBSTACLESBLOCKINGDOORS [8]{0..4}	; 
	R93.0	  > BOOL OBSTACLESBLOCKINGDOORS[0]{0}
	R93.1	  > BOOL OBSTACLESBLOCKINGDOORS[1]{1}
	R93.2	  > BOOL OBSTACLESBLOCKINGDOORS[2]{2}
	R93.3	  > BOOL OBSTACLESBLOCKINGDOORS[3]{3}
	R93.4	  > BOOL OBSTACLESBLOCKINGDOORS[4]{4}
	R93.5	  > BOOL OBSTACLESBLOCKINGDOORS[5]{@}
	R93.6	  > BOOL OBSTACLESBLOCKINGDOORS[6]{@}
	R93.7	  > BOOL OBSTACLESBLOCKINGDOORS[7]{@}
RW  94   :  95   = INT ELEVATORMAXIMUMWEIGHT	; 
RW  96   :  97   = INT ELEVATORWEIGHT	; 
RW  98   :  99   = INT FLOORTRAVELTIME	; 
RW 100   : 101   = INT DOORSOPENTIME	; 
RW 102   : 103   = INT HIGHESTFLOOR	; 
RW 104   : 105   = INT TARGETFLOORDEFAULTVALUE	; 
R  106.0 : 106.4 = BOOL FLOORSETASELEVSTOP [8]{0..4}	; 
	R106.0	  > BOOL FLOORSETASELEVSTOP[0]{0}
	R106.1	  > BOOL FLOORSETASELEVSTOP[1]{1}
	R106.2	  > BOOL FLOORSETASELEVSTOP[2]{2}
	R106.3	  > BOOL FLOORSETASELEVSTOP[3]{3}
	R106.4	  > BOOL FLOORSETASELEVSTOP[4]{4}
	R106.5	  > BOOL FLOORSETASELEVSTOP[5]{@}
	R106.6	  > BOOL FLOORSETASELEVSTOP[6]{@}
	R106.7	  > BOOL FLOORSETASELEVSTOP[7]{@}
RW 107   : 108   = INT TARGETFLOOR	; 
RW 109   : 110   = INT WAITTIME	; 
RW 111   : 112   = INT WAITEDTIME	; 
R  113   : 193   = STRING TEXTELEVATORWEIGHT [81]{0..80}	; 
	R113	  > STRING TEXTELEVATORWEIGHT[0]{0}
	R114	  > STRING TEXTELEVATORWEIGHT[1]{1}
	R115	  > STRING TEXTELEVATORWEIGHT[2]{2}
	R116	  > STRING TEXTELEVATORWEIGHT[3]{3}
	R117	  > STRING TEXTELEVATORWEIGHT[4]{4}
	R118	  > STRING TEXTELEVATORWEIGHT[5]{5}
	R119	  > STRING TEXTELEVATORWEIGHT[6]{6}
	R120	  > STRING TEXTELEVATORWEIGHT[7]{7}
	R121	  > STRING TEXTELEVATORWEIGHT[8]{8}
	R122	  > STRING TEXTELEVATORWEIGHT[9]{9}
	R123	  > STRING TEXTELEVATORWEIGHT[10]{10}
	R124	  > STRING TEXTELEVATORWEIGHT[11]{11}
	R125	  > STRING TEXTELEVATORWEIGHT[12]{12}
	R126	  > STRING TEXTELEVATORWEIGHT[13]{13}
	R127	  > STRING TEXTELEVATORWEIGHT[14]{14}
	R128	  > STRING TEXTELEVATORWEIGHT[15]{15}
	R129	  > STRING TEXTELEVATORWEIGHT[16]{16}
	R130	  > STRING TEXTELEVATORWEIGHT[17]{17}
	R131	  > STRING TEXTELEVATORWEIGHT[18]{18}
	R132	  > STRING TEXTELEVATORWEIGHT[19]{19}
	R133	  > STRING TEXTELEVATORWEIGHT[20]{20}
	R134	  > STRING TEXTELEVATORWEIGHT[21]{21}
	R135	  > STRING TEXTELEVATORWEIGHT[22]{22}
	R136	  > STRING TEXTELEVATORWEIGHT[23]{23}
	R137	  > STRING TEXTELEVATORWEIGHT[24]{24}
	R138	  > STRING TEXTELEVATORWEIGHT[25]{25}
	R139	  > STRING TEXTELEVATORWEIGHT[26]{26}
	R140	  > STRING TEXTELEVATORWEIGHT[27]{27}
	R141	  > STRING TEXTELEVATORWEIGHT[28]{28}
	R142	  > STRING TEXTELEVATORWEIGHT[29]{29}
	R143	  > STRING TEXTELEVATORWEIGHT[30]{30}
	R144	  > STRING TEXTELEVATORWEIGHT[31]{31}
	R145	  > STRING TEXTELEVATORWEIGHT[32]{32}
	R146	  > STRING TEXTELEVATORWEIGHT[33]{33}
	R147	  > STRING TEXTELEVATORWEIGHT[34]{34}
	R148	  > STRING TEXTELEVATORWEIGHT[35]{35}
	R149	  > STRING TEXTELEVATORWEIGHT[36]{36}
	R150	  > STRING TEXTELEVATORWEIGHT[37]{37}
	R151	  > STRING TEXTELEVATORWEIGHT[38]{38}
	R152	  > STRING TEXTELEVATORWEIGHT[39]{39}
	R153	  > STRING TEXTELEVATORWEIGHT[40]{40}
	R154	  > STRING TEXTELEVATORWEIGHT[41]{41}
	R155	  > STRING TEXTELEVATORWEIGHT[42]{42}
	R156	  > STRING TEXTELEVATORWEIGHT[43]{43}
	R157	  > STRING TEXTELEVATORWEIGHT[44]{44}
	R158	  > STRING TEXTELEVATORWEIGHT[45]{45}
	R159	  > STRING TEXTELEVATORWEIGHT[46]{46}
	R160	  > STRING TEXTELEVATORWEIGHT[47]{47}
	R161	  > STRING TEXTELEVATORWEIGHT[48]{48}
	R162	  > STRING TEXTELEVATORWEIGHT[49]{49}
	R163	  > STRING TEXTELEVATORWEIGHT[50]{50}
	R164	  > STRING TEXTELEVATORWEIGHT[51]{51}
	R165	  > STRING TEXTELEVATORWEIGHT[52]{52}
	R166	  > STRING TEXTELEVATORWEIGHT[53]{53}
	R167	  > STRING TEXTELEVATORWEIGHT[54]{54}
	R168	  > STRING TEXTELEVATORWEIGHT[55]{55}
	R169	  > STRING TEXTELEVATORWEIGHT[56]{56}
	R170	  > STRING TEXTELEVATORWEIGHT[57]{57}
	R171	  > STRING TEXTELEVATORWEIGHT[58]{58}
	R172	  > STRING TEXTELEVATORWEIGHT[59]{59}
	R173	  > STRING TEXTELEVATORWEIGHT[60]{60}
	R174	  > STRING TEXTELEVATORWEIGHT[61]{61}
	R175	  > STRING TEXTELEVATORWEIGHT[62]{62}
	R176	  > STRING TEXTELEVATORWEIGHT[63]{63}
	R177	  > STRING TEXTELEVATORWEIGHT[64]{64}
	R178	  > STRING TEXTELEVATORWEIGHT[65]{65}
	R179	  > STRING TEXTELEVATORWEIGHT[66]{66}
	R180	  > STRING TEXTELEVATORWEIGHT[67]{67}
	R181	  > STRING TEXTELEVATORWEIGHT[68]{68}
	R182	  > STRING TEXTELEVATORWEIGHT[69]{69}
	R183	  > STRING TEXTELEVATORWEIGHT[70]{70}
	R184	  > STRING TEXTELEVATORWEIGHT[71]{71}
	R185	  > STRING TEXTELEVATORWEIGHT[72]{72}
	R186	  > STRING TEXTELEVATORWEIGHT[73]{73}
	R187	  > STRING TEXTELEVATORWEIGHT[74]{74}
	R188	  > STRING TEXTELEVATORWEIGHT[75]{75}
	R189	  > STRING TEXTELEVATORWEIGHT[76]{76}
	R190	  > STRING TEXTELEVATORWEIGHT[77]{77}
	R191	  > STRING TEXTELEVATORWEIGHT[78]{78}
	R192	  > STRING TEXTELEVATORWEIGHT[79]{79}
	R193	  > STRING TEXTELEVATORWEIGHT[80]{80}
R  194   : 274   = STRING TEXTMAXELEVATORWEIGHT [81]{0..80}	; 
	R194	  > STRING TEXTMAXELEVATORWEIGHT[0]{0}
	R195	  > STRING TEXTMAXELEVATORWEIGHT[1]{1}
	R196	  > STRING TEXTMAXELEVATORWEIGHT[2]{2}
	R197	  > STRING TEXTMAXELEVATORWEIGHT[3]{3}
	R198	  > STRING TEXTMAXELEVATORWEIGHT[4]{4}
	R199	  > STRING TEXTMAXELEVATORWEIGHT[5]{5}
	R200	  > STRING TEXTMAXELEVATORWEIGHT[6]{6}
	R201	  > STRING TEXTMAXELEVATORWEIGHT[7]{7}
	R202	  > STRING TEXTMAXELEVATORWEIGHT[8]{8}
	R203	  > STRING TEXTMAXELEVATORWEIGHT[9]{9}
	R204	  > STRING TEXTMAXELEVATORWEIGHT[10]{10}
	R205	  > STRING TEXTMAXELEVATORWEIGHT[11]{11}
	R206	  > STRING TEXTMAXELEVATORWEIGHT[12]{12}
	R207	  > STRING TEXTMAXELEVATORWEIGHT[13]{13}
	R208	  > STRING TEXTMAXELEVATORWEIGHT[14]{14}
	R209	  > STRING TEXTMAXELEVATORWEIGHT[15]{15}
	R210	  > STRING TEXTMAXELEVATORWEIGHT[16]{16}
	R211	  > STRING TEXTMAXELEVATORWEIGHT[17]{17}
	R212	  > STRING TEXTMAXELEVATORWEIGHT[18]{18}
	R213	  > STRING TEXTMAXELEVATORWEIGHT[19]{19}
	R214	  > STRING TEXTMAXELEVATORWEIGHT[20]{20}
	R215	  > STRING TEXTMAXELEVATORWEIGHT[21]{21}
	R216	  > STRING TEXTMAXELEVATORWEIGHT[22]{22}
	R217	  > STRING TEXTMAXELEVATORWEIGHT[23]{23}
	R218	  > STRING TEXTMAXELEVATORWEIGHT[24]{24}
	R219	  > STRING TEXTMAXELEVATORWEIGHT[25]{25}
	R220	  > STRING TEXTMAXELEVATORWEIGHT[26]{26}
	R221	  > STRING TEXTMAXELEVATORWEIGHT[27]{27}
	R222	  > STRING TEXTMAXELEVATORWEIGHT[28]{28}
	R223	  > STRING TEXTMAXELEVATORWEIGHT[29]{29}
	R224	  > STRING TEXTMAXELEVATORWEIGHT[30]{30}
	R225	  > STRING TEXTMAXELEVATORWEIGHT[31]{31}
	R226	  > STRING TEXTMAXELEVATORWEIGHT[32]{32}
	R227	  > STRING TEXTMAXELEVATORWEIGHT[33]{33}
	R228	  > STRING TEXTMAXELEVATORWEIGHT[34]{34}
	R229	  > STRING TEXTMAXELEVATORWEIGHT[35]{35}
	R230	  > STRING TEXTMAXELEVATORWEIGHT[36]{36}
	R231	  > STRING TEXTMAXELEVATORWEIGHT[37]{37}
	R232	  > STRING TEXTMAXELEVATORWEIGHT[38]{38}
	R233	  > STRING TEXTMAXELEVATORWEIGHT[39]{39}
	R234	  > STRING TEXTMAXELEVATORWEIGHT[40]{40}
	R235	  > STRING TEXTMAXELEVATORWEIGHT[41]{41}
	R236	  > STRING TEXTMAXELEVATORWEIGHT[42]{42}
	R237	  > STRING TEXTMAXELEVATORWEIGHT[43]{43}
	R238	  > STRING TEXTMAXELEVATORWEIGHT[44]{44}
	R239	  > STRING TEXTMAXELEVATORWEIGHT[45]{45}
	R240	  > STRING TEXTMAXELEVATORWEIGHT[46]{46}
	R241	  > STRING TEXTMAXELEVATORWEIGHT[47]{47}
	R242	  > STRING TEXTMAXELEVATORWEIGHT[48]{48}
	R243	  > STRING TEXTMAXELEVATORWEIGHT[49]{49}
	R244	  > STRING TEXTMAXELEVATORWEIGHT[50]{50}
	R245	  > STRING TEXTMAXELEVATORWEIGHT[51]{51}
	R246	  > STRING TEXTMAXELEVATORWEIGHT[52]{52}
	R247	  > STRING TEXTMAXELEVATORWEIGHT[53]{53}
	R248	  > STRING TEXTMAXELEVATORWEIGHT[54]{54}
	R249	  > STRING TEXTMAXELEVATORWEIGHT[55]{55}
	R250	  > STRING TEXTMAXELEVATORWEIGHT[56]{56}
	R251	  > STRING TEXTMAXELEVATORWEIGHT[57]{57}
	R252	  > STRING TEXTMAXELEVATORWEIGHT[58]{58}
	R253	  > STRING TEXTMAXELEVATORWEIGHT[59]{59}
	R254	  > STRING TEXTMAXELEVATORWEIGHT[60]{60}
	R255	  > STRING TEXTMAXELEVATORWEIGHT[61]{61}
	R256	  > STRING TEXTMAXELEVATORWEIGHT[62]{62}
	R257	  > STRING TEXTMAXELEVATORWEIGHT[63]{63}
	R258	  > STRING TEXTMAXELEVATORWEIGHT[64]{64}
	R259	  > STRING TEXTMAXELEVATORWEIGHT[65]{65}
	R260	  > STRING TEXTMAXELEVATORWEIGHT[66]{66}
	R261	  > STRING TEXTMAXELEVATORWEIGHT[67]{67}
	R262	  > STRING TEXTMAXELEVATORWEIGHT[68]{68}
	R263	  > STRING TEXTMAXELEVATORWEIGHT[69]{69}
	R264	  > STRING TEXTMAXELEVATORWEIGHT[70]{70}
	R265	  > STRING TEXTMAXELEVATORWEIGHT[71]{71}
	R266	  > STRING TEXTMAXELEVATORWEIGHT[72]{72}
	R267	  > STRING TEXTMAXELEVATORWEIGHT[73]{73}
	R268	  > STRING TEXTMAXELEVATORWEIGHT[74]{74}
	R269	  > STRING TEXTMAXELEVATORWEIGHT[75]{75}
	R270	  > STRING TEXTMAXELEVATORWEIGHT[76]{76}
	R271	  > STRING TEXTMAXELEVATORWEIGHT[77]{77}
	R272	  > STRING TEXTMAXELEVATORWEIGHT[78]{78}
	R273	  > STRING TEXTMAXELEVATORWEIGHT[79]{79}
	R274	  > STRING TEXTMAXELEVATORWEIGHT[80]{80}
R  275   : 355   = STRING TEXTOPERATINGMODE [81]{0..80}	; 
	R275	  > STRING TEXTOPERATINGMODE[0]{0}
	R276	  > STRING TEXTOPERATINGMODE[1]{1}
	R277	  > STRING TEXTOPERATINGMODE[2]{2}
	R278	  > STRING TEXTOPERATINGMODE[3]{3}
	R279	  > STRING TEXTOPERATINGMODE[4]{4}
	R280	  > STRING TEXTOPERATINGMODE[5]{5}
	R281	  > STRING TEXTOPERATINGMODE[6]{6}
	R282	  > STRING TEXTOPERATINGMODE[7]{7}
	R283	  > STRING TEXTOPERATINGMODE[8]{8}
	R284	  > STRING TEXTOPERATINGMODE[9]{9}
	R285	  > STRING TEXTOPERATINGMODE[10]{10}
	R286	  > STRING TEXTOPERATINGMODE[11]{11}
	R287	  > STRING TEXTOPERATINGMODE[12]{12}
	R288	  > STRING TEXTOPERATINGMODE[13]{13}
	R289	  > STRING TEXTOPERATINGMODE[14]{14}
	R290	  > STRING TEXTOPERATINGMODE[15]{15}
	R291	  > STRING TEXTOPERATINGMODE[16]{16}
	R292	  > STRING TEXTOPERATINGMODE[17]{17}
	R293	  > STRING TEXTOPERATINGMODE[18]{18}
	R294	  > STRING TEXTOPERATINGMODE[19]{19}
	R295	  > STRING TEXTOPERATINGMODE[20]{20}
	R296	  > STRING TEXTOPERATINGMODE[21]{21}
	R297	  > STRING TEXTOPERATINGMODE[22]{22}
	R298	  > STRING TEXTOPERATINGMODE[23]{23}
	R299	  > STRING TEXTOPERATINGMODE[24]{24}
	R300	  > STRING TEXTOPERATINGMODE[25]{25}
	R301	  > STRING TEXTOPERATINGMODE[26]{26}
	R302	  > STRING TEXTOPERATINGMODE[27]{27}
	R303	  > STRING TEXTOPERATINGMODE[28]{28}
	R304	  > STRING TEXTOPERATINGMODE[29]{29}
	R305	  > STRING TEXTOPERATINGMODE[30]{30}
	R306	  > STRING TEXTOPERATINGMODE[31]{31}
	R307	  > STRING TEXTOPERATINGMODE[32]{32}
	R308	  > STRING TEXTOPERATINGMODE[33]{33}
	R309	  > STRING TEXTOPERATINGMODE[34]{34}
	R310	  > STRING TEXTOPERATINGMODE[35]{35}
	R311	  > STRING TEXTOPERATINGMODE[36]{36}
	R312	  > STRING TEXTOPERATINGMODE[37]{37}
	R313	  > STRING TEXTOPERATINGMODE[38]{38}
	R314	  > STRING TEXTOPERATINGMODE[39]{39}
	R315	  > STRING TEXTOPERATINGMODE[40]{40}
	R316	  > STRING TEXTOPERATINGMODE[41]{41}
	R317	  > STRING TEXTOPERATINGMODE[42]{42}
	R318	  > STRING TEXTOPERATINGMODE[43]{43}
	R319	  > STRING TEXTOPERATINGMODE[44]{44}
	R320	  > STRING TEXTOPERATINGMODE[45]{45}
	R321	  > STRING TEXTOPERATINGMODE[46]{46}
	R322	  > STRING TEXTOPERATINGMODE[47]{47}
	R323	  > STRING TEXTOPERATINGMODE[48]{48}
	R324	  > STRING TEXTOPERATINGMODE[49]{49}
	R325	  > STRING TEXTOPERATINGMODE[50]{50}
	R326	  > STRING TEXTOPERATINGMODE[51]{51}
	R327	  > STRING TEXTOPERATINGMODE[52]{52}
	R328	  > STRING TEXTOPERATINGMODE[53]{53}
	R329	  > STRING TEXTOPERATINGMODE[54]{54}
	R330	  > STRING TEXTOPERATINGMODE[55]{55}
	R331	  > STRING TEXTOPERATINGMODE[56]{56}
	R332	  > STRING TEXTOPERATINGMODE[57]{57}
	R333	  > STRING TEXTOPERATINGMODE[58]{58}
	R334	  > STRING TEXTOPERATINGMODE[59]{59}
	R335	  > STRING TEXTOPERATINGMODE[60]{60}
	R336	  > STRING TEXTOPERATINGMODE[61]{61}
	R337	  > STRING TEXTOPERATINGMODE[62]{62}
	R338	  > STRING TEXTOPERATINGMODE[63]{63}
	R339	  > STRING TEXTOPERATINGMODE[64]{64}
	R340	  > STRING TEXTOPERATINGMODE[65]{65}
	R341	  > STRING TEXTOPERATINGMODE[66]{66}
	R342	  > STRING TEXTOPERATINGMODE[67]{67}
	R343	  > STRING TEXTOPERATINGMODE[68]{68}
	R344	  > STRING TEXTOPERATINGMODE[69]{69}
	R345	  > STRING TEXTOPERATINGMODE[70]{70}
	R346	  > STRING TEXTOPERATINGMODE[71]{71}
	R347	  > STRING TEXTOPERATINGMODE[72]{72}
	R348	  > STRING TEXTOPERATINGMODE[73]{73}
	R349	  > STRING TEXTOPERATINGMODE[74]{74}
	R350	  > STRING TEXTOPERATINGMODE[75]{75}
	R351	  > STRING TEXTOPERATINGMODE[76]{76}
	R352	  > STRING TEXTOPERATINGMODE[77]{77}
	R353	  > STRING TEXTOPERATINGMODE[78]{78}
	R354	  > STRING TEXTOPERATINGMODE[79]{79}
	R355	  > STRING TEXTOPERATINGMODE[80]{80}
R  356.0 	 = BOOL STOPSIGNACTIVATED	; 
R  356.1 	 = BOOL CONFIGURED	; 
R  357   : 437   = STRING STRINGQUEUEREPRESENTATION [81]{0..80}	; 
	R357	  > STRING STRINGQUEUEREPRESENTATION[0]{0}
	R358	  > STRING STRINGQUEUEREPRESENTATION[1]{1}
	R359	  > STRING STRINGQUEUEREPRESENTATION[2]{2}
	R360	  > STRING STRINGQUEUEREPRESENTATION[3]{3}
	R361	  > STRING STRINGQUEUEREPRESENTATION[4]{4}
	R362	  > STRING STRINGQUEUEREPRESENTATION[5]{5}
	R363	  > STRING STRINGQUEUEREPRESENTATION[6]{6}
	R364	  > STRING STRINGQUEUEREPRESENTATION[7]{7}
	R365	  > STRING STRINGQUEUEREPRESENTATION[8]{8}
	R366	  > STRING STRINGQUEUEREPRESENTATION[9]{9}
	R367	  > STRING STRINGQUEUEREPRESENTATION[10]{10}
	R368	  > STRING STRINGQUEUEREPRESENTATION[11]{11}
	R369	  > STRING STRINGQUEUEREPRESENTATION[12]{12}
	R370	  > STRING STRINGQUEUEREPRESENTATION[13]{13}
	R371	  > STRING STRINGQUEUEREPRESENTATION[14]{14}
	R372	  > STRING STRINGQUEUEREPRESENTATION[15]{15}
	R373	  > STRING STRINGQUEUEREPRESENTATION[16]{16}
	R374	  > STRING STRINGQUEUEREPRESENTATION[17]{17}
	R375	  > STRING STRINGQUEUEREPRESENTATION[18]{18}
	R376	  > STRING STRINGQUEUEREPRESENTATION[19]{19}
	R377	  > STRING STRINGQUEUEREPRESENTATION[20]{20}
	R378	  > STRING STRINGQUEUEREPRESENTATION[21]{21}
	R379	  > STRING STRINGQUEUEREPRESENTATION[22]{22}
	R380	  > STRING STRINGQUEUEREPRESENTATION[23]{23}
	R381	  > STRING STRINGQUEUEREPRESENTATION[24]{24}
	R382	  > STRING STRINGQUEUEREPRESENTATION[25]{25}
	R383	  > STRING STRINGQUEUEREPRESENTATION[26]{26}
	R384	  > STRING STRINGQUEUEREPRESENTATION[27]{27}
	R385	  > STRING STRINGQUEUEREPRESENTATION[28]{28}
	R386	  > STRING STRINGQUEUEREPRESENTATION[29]{29}
	R387	  > STRING STRINGQUEUEREPRESENTATION[30]{30}
	R388	  > STRING STRINGQUEUEREPRESENTATION[31]{31}
	R389	  > STRING STRINGQUEUEREPRESENTATION[32]{32}
	R390	  > STRING STRINGQUEUEREPRESENTATION[33]{33}
	R391	  > STRING STRINGQUEUEREPRESENTATION[34]{34}
	R392	  > STRING STRINGQUEUEREPRESENTATION[35]{35}
	R393	  > STRING STRINGQUEUEREPRESENTATION[36]{36}
	R394	  > STRING STRINGQUEUEREPRESENTATION[37]{37}
	R395	  > STRING STRINGQUEUEREPRESENTATION[38]{38}
	R396	  > STRING STRINGQUEUEREPRESENTATION[39]{39}
	R397	  > STRING STRINGQUEUEREPRESENTATION[40]{40}
	R398	  > STRING STRINGQUEUEREPRESENTATION[41]{41}
	R399	  > STRING STRINGQUEUEREPRESENTATION[42]{42}
	R400	  > STRING STRINGQUEUEREPRESENTATION[43]{43}
	R401	  > STRING STRINGQUEUEREPRESENTATION[44]{44}
	R402	  > STRING STRINGQUEUEREPRESENTATION[45]{45}
	R403	  > STRING STRINGQUEUEREPRESENTATION[46]{46}
	R404	  > STRING STRINGQUEUEREPRESENTATION[47]{47}
	R405	  > STRING STRINGQUEUEREPRESENTATION[48]{48}
	R406	  > STRING STRINGQUEUEREPRESENTATION[49]{49}
	R407	  > STRING STRINGQUEUEREPRESENTATION[50]{50}
	R408	  > STRING STRINGQUEUEREPRESENTATION[51]{51}
	R409	  > STRING STRINGQUEUEREPRESENTATION[52]{52}
	R410	  > STRING STRINGQUEUEREPRESENTATION[53]{53}
	R411	  > STRING STRINGQUEUEREPRESENTATION[54]{54}
	R412	  > STRING STRINGQUEUEREPRESENTATION[55]{55}
	R413	  > STRING STRINGQUEUEREPRESENTATION[56]{56}
	R414	  > STRING STRINGQUEUEREPRESENTATION[57]{57}
	R415	  > STRING STRINGQUEUEREPRESENTATION[58]{58}
	R416	  > STRING STRINGQUEUEREPRESENTATION[59]{59}
	R417	  > STRING STRINGQUEUEREPRESENTATION[60]{60}
	R418	  > STRING STRINGQUEUEREPRESENTATION[61]{61}
	R419	  > STRING STRINGQUEUEREPRESENTATION[62]{62}
	R420	  > STRING STRINGQUEUEREPRESENTATION[63]{63}
	R421	  > STRING STRINGQUEUEREPRESENTATION[64]{64}
	R422	  > STRING STRINGQUEUEREPRESENTATION[65]{65}
	R423	  > STRING STRINGQUEUEREPRESENTATION[66]{66}
	R424	  > STRING STRINGQUEUEREPRESENTATION[67]{67}
	R425	  > STRING STRINGQUEUEREPRESENTATION[68]{68}
	R426	  > STRING STRINGQUEUEREPRESENTATION[69]{69}
	R427	  > STRING STRINGQUEUEREPRESENTATION[70]{70}
	R428	  > STRING STRINGQUEUEREPRESENTATION[71]{71}
	R429	  > STRING STRINGQUEUEREPRESENTATION[72]{72}
	R430	  > STRING STRINGQUEUEREPRESENTATION[73]{73}
	R431	  > STRING STRINGQUEUEREPRESENTATION[74]{74}
	R432	  > STRING STRINGQUEUEREPRESENTATION[75]{75}
	R433	  > STRING STRINGQUEUEREPRESENTATION[76]{76}
	R434	  > STRING STRINGQUEUEREPRESENTATION[77]{77}
	R435	  > STRING STRINGQUEUEREPRESENTATION[78]{78}
	R436	  > STRING STRINGQUEUEREPRESENTATION[79]{79}
	R437	  > STRING STRINGQUEUEREPRESENTATION[80]{80}
RW 438   : 439   = INT ELEVATORDIRECTIONINDICATOR	; 
RW 440   : 441   = INT SELECTEDSORTOPTION	; 
RW 442   : 451   = INT QUEUE [5]{0..4}	;  number of floors - 1
	RW442	  > INT QUEUE[0]{0}
	RW444	  > INT QUEUE[1]{1}
	RW446	  > INT QUEUE[2]{2}
	RW448	  > INT QUEUE[3]{3}
	RW450	  > INT QUEUE[4]{4}
RW 452   : 453   = INT QUEUEDEFAULTVALUE	; 
RW 454   : 455   = INT QUEUESIZE	; 
RW 456   : 465   = INT QUEUEUPPERFLOORS [5]{0..4}	; 
	RW456	  > INT QUEUEUPPERFLOORS[0]{0}
	RW458	  > INT QUEUEUPPERFLOORS[1]{1}
	RW460	  > INT QUEUEUPPERFLOORS[2]{2}
	RW462	  > INT QUEUEUPPERFLOORS[3]{3}
	RW464	  > INT QUEUEUPPERFLOORS[4]{4}
RW 466   : 475   = INT QUEUELOWERFLOORS [5]{0..4}	; 
	RW466	  > INT QUEUELOWERFLOORS[0]{0}
	RW468	  > INT QUEUELOWERFLOORS[1]{1}
	RW470	  > INT QUEUELOWERFLOORS[2]{2}
	RW472	  > INT QUEUELOWERFLOORS[3]{3}
	RW474	  > INT QUEUELOWERFLOORS[4]{4}
RW 476   : 477   = INT ELEVATORFLOORSTART	; 
R  478.0 	 = BOOL SORTUPPERFLOORS	; 
R  478.1 	 = BOOL SORTLOWERFLOORS	; 
R  479   : 559   = STRING PRESSEDBUTTONSQUEUEDEBUG [81]{0..80}	; 
	R479	  > STRING PRESSEDBUTTONSQUEUEDEBUG[0]{0}
	R480	  > STRING PRESSEDBUTTONSQUEUEDEBUG[1]{1}
	R481	  > STRING PRESSEDBUTTONSQUEUEDEBUG[2]{2}
	R482	  > STRING PRESSEDBUTTONSQUEUEDEBUG[3]{3}
	R483	  > STRING PRESSEDBUTTONSQUEUEDEBUG[4]{4}
	R484	  > STRING PRESSEDBUTTONSQUEUEDEBUG[5]{5}
	R485	  > STRING PRESSEDBUTTONSQUEUEDEBUG[6]{6}
	R486	  > STRING PRESSEDBUTTONSQUEUEDEBUG[7]{7}
	R487	  > STRING PRESSEDBUTTONSQUEUEDEBUG[8]{8}
	R488	  > STRING PRESSEDBUTTONSQUEUEDEBUG[9]{9}
	R489	  > STRING PRESSEDBUTTONSQUEUEDEBUG[10]{10}
	R490	  > STRING PRESSEDBUTTONSQUEUEDEBUG[11]{11}
	R491	  > STRING PRESSEDBUTTONSQUEUEDEBUG[12]{12}
	R492	  > STRING PRESSEDBUTTONSQUEUEDEBUG[13]{13}
	R493	  > STRING PRESSEDBUTTONSQUEUEDEBUG[14]{14}
	R494	  > STRING PRESSEDBUTTONSQUEUEDEBUG[15]{15}
	R495	  > STRING PRESSEDBUTTONSQUEUEDEBUG[16]{16}
	R496	  > STRING PRESSEDBUTTONSQUEUEDEBUG[17]{17}
	R497	  > STRING PRESSEDBUTTONSQUEUEDEBUG[18]{18}
	R498	  > STRING PRESSEDBUTTONSQUEUEDEBUG[19]{19}
	R499	  > STRING PRESSEDBUTTONSQUEUEDEBUG[20]{20}
	R500	  > STRING PRESSEDBUTTONSQUEUEDEBUG[21]{21}
	R501	  > STRING PRESSEDBUTTONSQUEUEDEBUG[22]{22}
	R502	  > STRING PRESSEDBUTTONSQUEUEDEBUG[23]{23}
	R503	  > STRING PRESSEDBUTTONSQUEUEDEBUG[24]{24}
	R504	  > STRING PRESSEDBUTTONSQUEUEDEBUG[25]{25}
	R505	  > STRING PRESSEDBUTTONSQUEUEDEBUG[26]{26}
	R506	  > STRING PRESSEDBUTTONSQUEUEDEBUG[27]{27}
	R507	  > STRING PRESSEDBUTTONSQUEUEDEBUG[28]{28}
	R508	  > STRING PRESSEDBUTTONSQUEUEDEBUG[29]{29}
	R509	  > STRING PRESSEDBUTTONSQUEUEDEBUG[30]{30}
	R510	  > STRING PRESSEDBUTTONSQUEUEDEBUG[31]{31}
	R511	  > STRING PRESSEDBUTTONSQUEUEDEBUG[32]{32}
	R512	  > STRING PRESSEDBUTTONSQUEUEDEBUG[33]{33}
	R513	  > STRING PRESSEDBUTTONSQUEUEDEBUG[34]{34}
	R514	  > STRING PRESSEDBUTTONSQUEUEDEBUG[35]{35}
	R515	  > STRING PRESSEDBUTTONSQUEUEDEBUG[36]{36}
	R516	  > STRING PRESSEDBUTTONSQUEUEDEBUG[37]{37}
	R517	  > STRING PRESSEDBUTTONSQUEUEDEBUG[38]{38}
	R518	  > STRING PRESSEDBUTTONSQUEUEDEBUG[39]{39}
	R519	  > STRING PRESSEDBUTTONSQUEUEDEBUG[40]{40}
	R520	  > STRING PRESSEDBUTTONSQUEUEDEBUG[41]{41}
	R521	  > STRING PRESSEDBUTTONSQUEUEDEBUG[42]{42}
	R522	  > STRING PRESSEDBUTTONSQUEUEDEBUG[43]{43}
	R523	  > STRING PRESSEDBUTTONSQUEUEDEBUG[44]{44}
	R524	  > STRING PRESSEDBUTTONSQUEUEDEBUG[45]{45}
	R525	  > STRING PRESSEDBUTTONSQUEUEDEBUG[46]{46}
	R526	  > STRING PRESSEDBUTTONSQUEUEDEBUG[47]{47}
	R527	  > STRING PRESSEDBUTTONSQUEUEDEBUG[48]{48}
	R528	  > STRING PRESSEDBUTTONSQUEUEDEBUG[49]{49}
	R529	  > STRING PRESSEDBUTTONSQUEUEDEBUG[50]{50}
	R530	  > STRING PRESSEDBUTTONSQUEUEDEBUG[51]{51}
	R531	  > STRING PRESSEDBUTTONSQUEUEDEBUG[52]{52}
	R532	  > STRING PRESSEDBUTTONSQUEUEDEBUG[53]{53}
	R533	  > STRING PRESSEDBUTTONSQUEUEDEBUG[54]{54}
	R534	  > STRING PRESSEDBUTTONSQUEUEDEBUG[55]{55}
	R535	  > STRING PRESSEDBUTTONSQUEUEDEBUG[56]{56}
	R536	  > STRING PRESSEDBUTTONSQUEUEDEBUG[57]{57}
	R537	  > STRING PRESSEDBUTTONSQUEUEDEBUG[58]{58}
	R538	  > STRING PRESSEDBUTTONSQUEUEDEBUG[59]{59}
	R539	  > STRING PRESSEDBUTTONSQUEUEDEBUG[60]{60}
	R540	  > STRING PRESSEDBUTTONSQUEUEDEBUG[61]{61}
	R541	  > STRING PRESSEDBUTTONSQUEUEDEBUG[62]{62}
	R542	  > STRING PRESSEDBUTTONSQUEUEDEBUG[63]{63}
	R543	  > STRING PRESSEDBUTTONSQUEUEDEBUG[64]{64}
	R544	  > STRING PRESSEDBUTTONSQUEUEDEBUG[65]{65}
	R545	  > STRING PRESSEDBUTTONSQUEUEDEBUG[66]{66}
	R546	  > STRING PRESSEDBUTTONSQUEUEDEBUG[67]{67}
	R547	  > STRING PRESSEDBUTTONSQUEUEDEBUG[68]{68}
	R548	  > STRING PRESSEDBUTTONSQUEUEDEBUG[69]{69}
	R549	  > STRING PRESSEDBUTTONSQUEUEDEBUG[70]{70}
	R550	  > STRING PRESSEDBUTTONSQUEUEDEBUG[71]{71}
	R551	  > STRING PRESSEDBUTTONSQUEUEDEBUG[72]{72}
	R552	  > STRING PRESSEDBUTTONSQUEUEDEBUG[73]{73}
	R553	  > STRING PRESSEDBUTTONSQUEUEDEBUG[74]{74}
	R554	  > STRING PRESSEDBUTTONSQUEUEDEBUG[75]{75}
	R555	  > STRING PRESSEDBUTTONSQUEUEDEBUG[76]{76}
	R556	  > STRING PRESSEDBUTTONSQUEUEDEBUG[77]{77}
	R557	  > STRING PRESSEDBUTTONSQUEUEDEBUG[78]{78}
	R558	  > STRING PRESSEDBUTTONSQUEUEDEBUG[79]{79}
	R559	  > STRING PRESSEDBUTTONSQUEUEDEBUG[80]{80}
R  560.0 	 = BOOL ANYDOOROPENED	; 
R  561   : 563   =VISUALIZEQUEUE __INSTANCE__VISUALIZEQUEUE	; 
	R561.0	  > BOOL  __INSTANCE__VISUALIZEQUEUE~__FC__VISUALIZEQUEUE
	RW562	  > INT  __INSTANCE__VISUALIZEQUEUE~INDEX
R  564   : 568   =ENQUEUEFLOOR __INSTANCE__ENQUEUEFLOOR	; 
	R564.0	  > BOOL  __INSTANCE__ENQUEUEFLOOR~__FC__ENQUEUEFLOOR
	RW565	  > INT  __INSTANCE__ENQUEUEFLOOR~FLOORTOENQUEUE
	RW567	  > INT  __INSTANCE__ENQUEUEFLOOR~INDEX
R  569   : 573   =ENQUEUEUPPERFLOOR __INSTANCE__ENQUEUEUPPERFLOOR	; 
	R569.0	  > BOOL  __INSTANCE__ENQUEUEUPPERFLOOR~__FC__ENQUEUEUPPERFLOOR
	RW570	  > INT  __INSTANCE__ENQUEUEUPPERFLOOR~FLOORTOENQUEUE
	RW572	  > INT  __INSTANCE__ENQUEUEUPPERFLOOR~INDEX
R  574   : 578   =ENQUEUELOWERFLOOR __INSTANCE__ENQUEUELOWERFLOOR	; 
	R574.0	  > BOOL  __INSTANCE__ENQUEUELOWERFLOOR~__FC__ENQUEUELOWERFLOOR
	RW575	  > INT  __INSTANCE__ENQUEUELOWERFLOOR~FLOORTOENQUEUE
	RW577	  > INT  __INSTANCE__ENQUEUELOWERFLOOR~INDEX
R  579   : 581   =EMPTYUPPERANDLOWERQUEUE __INSTANCE__EMPTYUPPERANDLOWERQUEUE	; 
	R579.0	  > BOOL  __INSTANCE__EMPTYUPPERANDLOWERQUEUE~__FC__EMPTYUPPERANDLOWERQUEUE
	RW580	  > INT  __INSTANCE__EMPTYUPPERANDLOWERQUEUE~INDEX
R  582   : 588   =SHIFTQUEUELEFT __INSTANCE__SHIFTQUEUELEFT	; 
	R582.0	  > BOOL  __INSTANCE__SHIFTQUEUELEFT~__FC__SHIFTQUEUELEFT
	RW583	  > INT  __INSTANCE__SHIFTQUEUELEFT~INDEX
	RW585	  > INT  __INSTANCE__SHIFTQUEUELEFT~NEXTINDEX
	RW587	  > INT  __INSTANCE__SHIFTQUEUELEFT~TEMP
R  589   : 592   =DEQUEUEFLOOR __INSTANCE__DEQUEUEFLOOR	; 
	RW589	  > INT  __INSTANCE__DEQUEUEFLOOR~__FC__DEQUEUEFLOOR
	RW591	  > INT  __INSTANCE__DEQUEUEFLOOR~DEQUEUEDFLOOR
R  593   : 597   =ISFLOORALREADYENQUEUED __INSTANCE__ISFLOORALREADYENQUEUED	; 
	R593.0	  > BOOL  __INSTANCE__ISFLOORALREADYENQUEUED~__FC__ISFLOORALREADYENQUEUED
	RW594	  > INT  __INSTANCE__ISFLOORALREADYENQUEUED~INDEX
	RW596	  > INT  __INSTANCE__ISFLOORALREADYENQUEUED~FLOOR
R  598   : 601   =ISQUEUEEMPTY __INSTANCE__ISQUEUEEMPTY	; 
	R598.0	  > BOOL  __INSTANCE__ISQUEUEEMPTY~__FC__ISQUEUEEMPTY
	RW599	  > INT  __INSTANCE__ISQUEUEEMPTY~INDEX
	R601.0	  > BOOL  __INSTANCE__ISQUEUEEMPTY~EMPTY
R  602   : 612   =BUBBLESORTQUEUELOWER __INSTANCE__BUBBLESORTQUEUELOWER	; 
	R602.0	  > BOOL  __INSTANCE__BUBBLESORTQUEUELOWER~__FC__BUBBLESORTQUEUELOWER
	RW603	  > INT  __INSTANCE__BUBBLESORTQUEUELOWER~I
	RW605	  > INT  __INSTANCE__BUBBLESORTQUEUELOWER~J
	RW607	  > INT  __INSTANCE__BUBBLESORTQUEUELOWER~ITEMLEFT
	RW609	  > INT  __INSTANCE__BUBBLESORTQUEUELOWER~ITEMRIGHT
	RW611	  > INT  __INSTANCE__BUBBLESORTQUEUELOWER~TEMP
R  613   : 623   =BUBBLESORTQUEUEUPPER __INSTANCE__BUBBLESORTQUEUEUPPER	; 
	R613.0	  > BOOL  __INSTANCE__BUBBLESORTQUEUEUPPER~__FC__BUBBLESORTQUEUEUPPER
	RW614	  > INT  __INSTANCE__BUBBLESORTQUEUEUPPER~I
	RW616	  > INT  __INSTANCE__BUBBLESORTQUEUEUPPER~J
	RW618	  > INT  __INSTANCE__BUBBLESORTQUEUEUPPER~ITEMLEFT
	RW620	  > INT  __INSTANCE__BUBBLESORTQUEUEUPPER~ITEMRIGHT
	RW622	  > INT  __INSTANCE__BUBBLESORTQUEUEUPPER~TEMP
R  624   : 634   =BUBBLESORTQUEUE __INSTANCE__BUBBLESORTQUEUE	; 
	R624.0	  > BOOL  __INSTANCE__BUBBLESORTQUEUE~__FC__BUBBLESORTQUEUE
	RW625	  > INT  __INSTANCE__BUBBLESORTQUEUE~I
	RW627	  > INT  __INSTANCE__BUBBLESORTQUEUE~J
	RW629	  > INT  __INSTANCE__BUBBLESORTQUEUE~ITEMLEFT
	RW631	  > INT  __INSTANCE__BUBBLESORTQUEUE~ITEMRIGHT
	RW633	  > INT  __INSTANCE__BUBBLESORTQUEUE~TEMP
R  635   : 643   =ELEVATORSORTQUEUE __INSTANCE__ELEVATORSORTQUEUE	; 
	R635.0	  > BOOL  __INSTANCE__ELEVATORSORTQUEUE~__FC__ELEVATORSORTQUEUE
	RW636	  > INT  __INSTANCE__ELEVATORSORTQUEUE~INDEX
	RW638	  > INT  __INSTANCE__ELEVATORSORTQUEUE~ITEM
	RW640	  > INT  __INSTANCE__ELEVATORSORTQUEUE~INDEX2
	RW642	  > INT  __INSTANCE__ELEVATORSORTQUEUE~CHANGES
R  644   : 646   =ISANYDOOROPENED __INSTANCE__ISANYDOOROPENED	; 
	R644.0	  > BOOL  __INSTANCE__ISANYDOOROPENED~__FC__ISANYDOOROPENED
	RW645	  > INT  __INSTANCE__ISANYDOOROPENED~INDEX
R  647   : 649   =CLOSEALLDOORS __INSTANCE__CLOSEALLDOORS	; 
	R647.0	  > BOOL  __INSTANCE__CLOSEALLDOORS~__FC__CLOSEALLDOORS
	RW648	  > INT  __INSTANCE__CLOSEALLDOORS~INDEX
R  650   : 654   =CLOSEALLDOORSEXCEPTFORARG __INSTANCE__CLOSEALLDOORSEXCEPTFORARG	; 
	R650.0	  > BOOL  __INSTANCE__CLOSEALLDOORSEXCEPTFORARG~__FC__CLOSEALLDOORSEXCEPTFORARG
	RW651	  > INT  __INSTANCE__CLOSEALLDOORSEXCEPTFORARG~INDEX
	RW653	  > INT  __INSTANCE__CLOSEALLDOORSEXCEPTFORARG~FLOORDOORTOOPEN
R  655   	 =HANDLEDOORS __INSTANCE__HANDLEDOORS	; 
	R655.0	  > BOOL  __INSTANCE__HANDLEDOORS~__FC__HANDLEDOORS
R  656   : 658   =RESETALLBUTTONS __INSTANCE__RESETALLBUTTONS	; 
	R656.0	  > BOOL  __INSTANCE__RESETALLBUTTONS~__FC__RESETALLBUTTONS
	RW657	  > INT  __INSTANCE__RESETALLBUTTONS~INDEX
R  659   	 =HANDLEFLOORSELECTION __INSTANCE__HANDLEFLOORSELECTION	; 
	R659.0	  > BOOL  __INSTANCE__HANDLEFLOORSELECTION~__FC__HANDLEFLOORSELECTION
R  660   : 662   =HANDLEBUTTONS __INSTANCE__HANDLEBUTTONS	; 
	R660.0	  > BOOL  __INSTANCE__HANDLEBUTTONS~__FC__HANDLEBUTTONS
	RW661	  > INT  __INSTANCE__HANDLEBUTTONS~INDEX
R  663   	 =HANDLEMOVEMENT __INSTANCE__HANDLEMOVEMENT	; 
	R663.0	  > BOOL  __INSTANCE__HANDLEMOVEMENT~__FC__HANDLEMOVEMENT
R  664   : 666   =ISANYOBSTACLEPRESENT __INSTANCE__ISANYOBSTACLEPRESENT	; 
	R664.0	  > BOOL  __INSTANCE__ISANYOBSTACLEPRESENT~__FC__ISANYOBSTACLEPRESENT
	RW665	  > INT  __INSTANCE__ISANYOBSTACLEPRESENT~INDEX
R  667   	 =HANDLESTOPCONDITIONS __INSTANCE__HANDLESTOPCONDITIONS	; 
	R667.0	  > BOOL  __INSTANCE__HANDLESTOPCONDITIONS~__FC__HANDLESTOPCONDITIONS
R  668   : 673   =PRGMAIN MAIN	; 
	RW668	  > INT  MAIN~INDEX
	RW670	  > INT  MAIN~QUEUEDFLOOR
	RW672	  > INT  MAIN~FLOORDIFFERENCE

No errors.


;* Map completed.
